357
357
357
357
357
357
357
357
357
357
337
294
225
155
80
0
