6598443459
6598443459
6598443459
6546870328
6206536216
6025464985
5795222949
5293330936
4426799814
3820473888
3231618658
2913768062
2217241374
1549041123
634586856
0
